============================= test session starts ==============================
platform linux -- Python 3.12.3, pytest-9.0.3, pluggy-1.6.0
rootdir: /home/pedro/Documentos/Antigravity/backend
configfile: pytest.ini
plugins: asyncio-1.3.0, cov-7.1.0, anyio-4.13.0
asyncio: mode=Mode.AUTO, debug=False, asyncio_default_fixture_loop_scope=session, asyncio_default_test_loop_scope=function
collected 1 item

tests/api/test_integration.py F                                          [100%]

=================================== FAILURES ===================================
______________________________ test_login_success ______________________________
tests/api/test_integration.py:20: in test_login_success
    await client.post(
venv/lib/python3.12/site-packages/httpx/_client.py:1859: in post
    return await self.request(
venv/lib/python3.12/site-packages/httpx/_client.py:1540: in request
    return await self.send(request, auth=auth, follow_redirects=follow_redirects)
           ^^^^^^^^^^^^^^^^^^^^^^^^^^^^^^^^^^^^^^^^^^^^^^^^^^^^^^^^^^^^^^^^^^^^^^
venv/lib/python3.12/site-packages/httpx/_client.py:1629: in send
    response = await self._send_handling_auth(
venv/lib/python3.12/site-packages/httpx/_client.py:1657: in _send_handling_auth
    response = await self._send_handling_redirects(
venv/lib/python3.12/site-packages/httpx/_client.py:1694: in _send_handling_redirects
    response = await self._send_single_request(request)
               ^^^^^^^^^^^^^^^^^^^^^^^^^^^^^^^^^^^^^^^^
venv/lib/python3.12/site-packages/httpx/_client.py:1730: in _send_single_request
    response = await transport.handle_async_request(request)
               ^^^^^^^^^^^^^^^^^^^^^^^^^^^^^^^^^^^^^^^^^^^^^
venv/lib/python3.12/site-packages/httpx/_transports/asgi.py:170: in handle_async_request
    await self.app(scope, receive, send)
venv/lib/python3.12/site-packages/fastapi/applications.py:1159: in __call__
    await super().__call__(scope, receive, send)
venv/lib/python3.12/site-packages/starlette/applications.py:90: in __call__
    await self.middleware_stack(scope, receive, send)
venv/lib/python3.12/site-packages/starlette/middleware/errors.py:186: in __call__
    raise exc
venv/lib/python3.12/site-packages/starlette/middleware/errors.py:164: in __call__
    await self.app(scope, receive, _send)
venv/lib/python3.12/site-packages/starlette/middleware/cors.py:88: in __call__
    await self.app(scope, receive, send)
venv/lib/python3.12/site-packages/starlette/middleware/exceptions.py:63: in __call__
    await wrap_app_handling_exceptions(self.app, conn)(scope, receive, send)
venv/lib/python3.12/site-packages/starlette/_exception_handler.py:53: in wrapped_app
    raise exc
venv/lib/python3.12/site-packages/starlette/_exception_handler.py:42: in wrapped_app
    await app(scope, receive, sender)
venv/lib/python3.12/site-packages/fastapi/middleware/asyncexitstack.py:18: in __call__
    await self.app(scope, receive, send)
venv/lib/python3.12/site-packages/starlette/routing.py:660: in __call__
    await self.middleware_stack(scope, receive, send)
venv/lib/python3.12/site-packages/starlette/routing.py:680: in app
    await route.handle(scope, receive, send)
venv/lib/python3.12/site-packages/starlette/routing.py:276: in handle
    await self.app(scope, receive, send)
venv/lib/python3.12/site-packages/fastapi/routing.py:134: in app
    await wrap_app_handling_exceptions(app, request)(scope, receive, send)
venv/lib/python3.12/site-packages/starlette/_exception_handler.py:53: in wrapped_app
    raise exc
venv/lib/python3.12/site-packages/starlette/_exception_handler.py:42: in wrapped_app
    await app(scope, receive, sender)
venv/lib/python3.12/site-packages/fastapi/routing.py:120: in app
    response = await f(request)
               ^^^^^^^^^^^^^^^^
venv/lib/python3.12/site-packages/fastapi/routing.py:674: in app
    raw_response = await run_endpoint_function(
venv/lib/python3.12/site-packages/fastapi/routing.py:328: in run_endpoint_function
    return await dependant.call(**values)
           ^^^^^^^^^^^^^^^^^^^^^^^^^^^^^^
app/api/auth.py:23: in register
    return await use_case.execute(user_in.email, user_in.password, user_in.role.value)
           ^^^^^^^^^^^^^^^^^^^^^^^^^^^^^^^^^^^^^^^^^^^^^^^^^^^^^^^^^^^^^^^^^^^^^^^^^^^
app/use_cases/auth_use_cases.py:11: in execute
    existing_user = await self.repo.get_by_email(email)
                    ^^^^^^^^^^^^^^^^^^^^^^^^^^^^^^^^^^^
app/infrastructure/repositories/user_repo.py:11: in get_by_email
    result = await self.db.execute(select(UserModel).where(UserModel.email == email))
             ^^^^^^^^^^^^^^^^^^^^^^^^^^^^^^^^^^^^^^^^^^^^^^^^^^^^^^^^^^^^^^^^^^^^^^^^
venv/lib/python3.12/site-packages/sqlalchemy/ext/asyncio/session.py:449: in execute
    result = await greenlet_spawn(
venv/lib/python3.12/site-packages/sqlalchemy/util/_concurrency_py3k.py:201: in greenlet_spawn
    result = context.throw(*sys.exc_info())
             ^^^^^^^^^^^^^^^^^^^^^^^^^^^^^^
venv/lib/python3.12/site-packages/sqlalchemy/orm/session.py:2351: in execute
    return self._execute_internal(
venv/lib/python3.12/site-packages/sqlalchemy/orm/session.py:2239: in _execute_internal
    conn = self._connection_for_bind(bind)
           ^^^^^^^^^^^^^^^^^^^^^^^^^^^^^^^
venv/lib/python3.12/site-packages/sqlalchemy/orm/session.py:2108: in _connection_for_bind
    return trans._connection_for_bind(engine, execution_options)
           ^^^^^^^^^^^^^^^^^^^^^^^^^^^^^^^^^^^^^^^^^^^^^^^^^^^^^
<string>:2: in _connection_for_bind
    ???
venv/lib/python3.12/site-packages/sqlalchemy/orm/state_changes.py:137: in _go
    ret_value = fn(self, *arg, **kw)
                ^^^^^^^^^^^^^^^^^^^^
venv/lib/python3.12/site-packages/sqlalchemy/orm/session.py:1187: in _connection_for_bind
    conn = bind.connect()
           ^^^^^^^^^^^^^^
venv/lib/python3.12/site-packages/sqlalchemy/engine/base.py:3293: in connect
    return self._connection_cls(self)
           ^^^^^^^^^^^^^^^^^^^^^^^^^^
venv/lib/python3.12/site-packages/sqlalchemy/engine/base.py:143: in __init__
    self._dbapi_connection = engine.raw_connection()
                             ^^^^^^^^^^^^^^^^^^^^^^^
venv/lib/python3.12/site-packages/sqlalchemy/engine/base.py:3317: in raw_connection
    return self.pool.connect()
           ^^^^^^^^^^^^^^^^^^^
venv/lib/python3.12/site-packages/sqlalchemy/pool/base.py:448: in connect
    return _ConnectionFairy._checkout(self)
           ^^^^^^^^^^^^^^^^^^^^^^^^^^^^^^^^
venv/lib/python3.12/site-packages/sqlalchemy/pool/base.py:1272: in _checkout
    fairy = _ConnectionRecord.checkout(pool)
            ^^^^^^^^^^^^^^^^^^^^^^^^^^^^^^^^
venv/lib/python3.12/site-packages/sqlalchemy/pool/base.py:712: in checkout
    rec = pool._do_get()
          ^^^^^^^^^^^^^^
venv/lib/python3.12/site-packages/sqlalchemy/pool/impl.py:306: in _do_get
    return self._create_connection()
           ^^^^^^^^^^^^^^^^^^^^^^^^^
venv/lib/python3.12/site-packages/sqlalchemy/pool/base.py:389: in _create_connection
    return _ConnectionRecord(self)
           ^^^^^^^^^^^^^^^^^^^^^^^
venv/lib/python3.12/site-packages/sqlalchemy/pool/base.py:674: in __init__
    self.__connect()
venv/lib/python3.12/site-packages/sqlalchemy/pool/base.py:900: in __connect
    with util.safe_reraise():
venv/lib/python3.12/site-packages/sqlalchemy/util/langhelpers.py:121: in __exit__
    raise exc_value.with_traceback(exc_tb)
venv/lib/python3.12/site-packages/sqlalchemy/pool/base.py:896: in __connect
    self.dbapi_connection = connection = pool._invoke_creator(self)
                                         ^^^^^^^^^^^^^^^^^^^^^^^^^^
venv/lib/python3.12/site-packages/sqlalchemy/engine/create.py:667: in connect
    return dialect.connect(*cargs_tup, **cparams)
           ^^^^^^^^^^^^^^^^^^^^^^^^^^^^^^^^^^^^^^
venv/lib/python3.12/site-packages/sqlalchemy/engine/default.py:630: in connect
    return self.loaded_dbapi.connect(*cargs, **cparams)  # type: ignore[no-any-return]  # NOQA: E501
           ^^^^^^^^^^^^^^^^^^^^^^^^^^^^^^^^^^^^^^^^^^^^
venv/lib/python3.12/site-packages/sqlalchemy/dialects/postgresql/asyncpg.py:955: in connect
    await_only(creator_fn(*arg, **kw)),
    ^^^^^^^^^^^^^^^^^^^^^^^^^^^^^^^^^^
venv/lib/python3.12/site-packages/sqlalchemy/util/_concurrency_py3k.py:132: in await_only
    return current.parent.switch(awaitable)  # type: ignore[no-any-return,attr-defined] # noqa: E501
           ^^^^^^^^^^^^^^^^^^^^^^^^^^^^^^^^
venv/lib/python3.12/site-packages/sqlalchemy/util/_concurrency_py3k.py:196: in greenlet_spawn
    value = await result
            ^^^^^^^^^^^^
venv/lib/python3.12/site-packages/asyncpg/connection.py:2443: in connect
    return await connect_utils._connect(
venv/lib/python3.12/site-packages/asyncpg/connect_utils.py:1249: in _connect
    raise last_error or exceptions.TargetServerAttributeNotMatched(
venv/lib/python3.12/site-packages/asyncpg/connect_utils.py:1218: in _connect
    conn = await _connect_addr(
venv/lib/python3.12/site-packages/asyncpg/connect_utils.py:1054: in _connect_addr
    return await __connect_addr(params, True, *args)
           ^^^^^^^^^^^^^^^^^^^^^^^^^^^^^^^^^^^^^^^^^
venv/lib/python3.12/site-packages/asyncpg/connect_utils.py:1099: in __connect_addr
    tr, pr = await connector
             ^^^^^^^^^^^^^^^
venv/lib/python3.12/site-packages/asyncpg/connect_utils.py:969: in _create_ssl_connection
    tr, pr = await loop.create_connection(
/usr/lib/python3.12/asyncio/base_events.py:1080: in create_connection
    infos = await self._ensure_resolved(
/usr/lib/python3.12/asyncio/base_events.py:1456: in _ensure_resolved
    return await loop.getaddrinfo(host, port, family=family, type=type,
/usr/lib/python3.12/asyncio/base_events.py:901: in getaddrinfo
    return await self.run_in_executor(
/usr/lib/python3.12/concurrent/futures/thread.py:58: in run
    result = self.fn(*self.args, **self.kwargs)
             ^^^^^^^^^^^^^^^^^^^^^^^^^^^^^^^^^^
/usr/lib/python3.12/socket.py:963: in getaddrinfo
    for res in _socket.getaddrinfo(host, port, family, type, proto, flags):
               ^^^^^^^^^^^^^^^^^^^^^^^^^^^^^^^^^^^^^^^^^^^^^^^^^^^^^^^^^^^
E   socket.gaierror: [Errno -2] Name or service not known
=============================== warnings summary ===============================
venv/lib/python3.12/site-packages/_pytest/cacheprovider.py:475
  /home/pedro/Documentos/Antigravity/backend/venv/lib/python3.12/site-packages/_pytest/cacheprovider.py:475: PytestCacheWarning: cache could not write path /home/pedro/Documentos/Antigravity/backend/.pytest_cache/v/cache/nodeids: [Errno 13] Permission denied: '/home/pedro/Documentos/Antigravity/backend/.pytest_cache/v/cache/nodeids'
    config.cache.set("cache/nodeids", sorted(self.cached_nodeids))

venv/lib/python3.12/site-packages/_pytest/cacheprovider.py:429
  /home/pedro/Documentos/Antigravity/backend/venv/lib/python3.12/site-packages/_pytest/cacheprovider.py:429: PytestCacheWarning: cache could not write path /home/pedro/Documentos/Antigravity/backend/.pytest_cache/v/cache/lastfailed: [Errno 13] Permission denied: '/home/pedro/Documentos/Antigravity/backend/.pytest_cache/v/cache/lastfailed'
    config.cache.set("cache/lastfailed", self.lastfailed)

-- Docs: https://docs.pytest.org/en/stable/how-to/capture-warnings.html
================================ tests coverage ================================
_______________ coverage: platform linux, python 3.12.3-final-0 ________________

Name                                               Stmts   Miss  Cover   Missing
--------------------------------------------------------------------------------
app/api/auth.py                                       24      3    88%   27-29
app/api/deliveries.py                                 19      6    68%   18-20, 28-30
app/api/deps.py                                       23     14    39%   9-23, 27-32
app/api/places.py                                     29     12    59%   21-23, 27-29, 37-39, 43-45
app/core/config.py                                     8      0   100%
app/core/security.py                                  16      8    50%   8, 11, 14-20
app/db/base_class.py                                   9      0   100%
app/db/session.py                                      7      2    71%   15-16
app/domain/entities/delivery.py                       21      0   100%
app/domain/entities/place.py                          15      0   100%
app/domain/entities/user.py                           14      0   100%
app/infrastructure/orm/delivery.py                    25      0   100%
app/infrastructure/orm/place.py                       18      0   100%
app/infrastructure/orm/user.py                        16      0   100%
app/infrastructure/repositories/delivery_repo.py      20     10    50%   9, 12-25, 28-30, 33
app/infrastructure/repositories/place_repo.py         32     19    41%   9, 12-21, 24-26, 29-39, 42-44, 47, 55
app/infrastructure/repositories/user_repo.py          21     10    52%   12-15, 18-28, 31
app/main.py                                           19      2    89%   34, 41
app/schemas/delivery.py                               17      0   100%
app/schemas/place.py                                  21      0   100%
app/schemas/user.py                                   14      0   100%
app/use_cases/auth_use_cases.py                       23     11    52%   12-21, 25, 28-36
app/use_cases/deliveries_use_cases.py                 14      5    64%   7, 10-15, 19, 22
app/use_cases/places_use_cases.py                     25     10    60%   7, 10-11, 15, 18, 22, 25-26, 30, 33
--------------------------------------------------------------------------------
TOTAL                                                450    112    75%
=========================== short test summary info ============================
FAILED tests/api/test_integration.py::test_login_success - socket.gaierror: [...
======================== 1 failed, 2 warnings in 5.38s =========================
